---
source: crates/decant-transforms/tests/builtins.rs
assertion_line: 129
expression: "String::from_utf8_lossy(&out)"
---
… 438 more lines
/usr/lib/usd/libraries/stdlib/genmsl/mx_burn_float.metal
/usr/lib/usd/libraries/stdlib/genmsl/stdlib_genmsl_impl.mtlx
/usr/lib/usd/libraries/stdlib/genmsl/mx_burn_color4.metal
/usr/lib/usd/libraries/stdlib/genmsl/mx_dodge_color4.metal
/usr/lib/usd/libraries/stdlib/genmsl/mx_burn_color3.metal
/usr/lib/usd/libraries/stdlib/genmsl/mx_dodge_color3.metal
/usr/lib/usd/usd/usdSkelImaging/resources/shaders/skinning.glslfx
/usr/lib/usd/usd/hd/resources/codegenTemplates/schemaClass.cpp
/usr/lib/usd/usd/hd/resources/codegenTemplates/schemaClass.h
/usr/lib/usd/usd/usdHydra/resources/usdHydra/schema.usda
/usr/lib/usd/usd/usdHydra/resources/shaders/shaderDefs.usda
/usr/lib/usd/usd/usdHydra/resources/shaders/empty.glslfx
/usr/lib/usd/usd/usdShaders/resources/shaders/previewSurface.glslfx
/usr/lib/usd/usd/usdShaders/resources/shaders/primvarReader.glslfx
/usr/lib/usd/usd/usdShaders/resources/shaders/uvTexture.glslfx
/usr/lib/usd/usd/usdShaders/resources/shaders/shaderDefs.usda
/usr/lib/usd/usd/usdShaders/resources/shaders/transform2d.glslfx
/usr/lib/usd/usd/glf/resources/shaders/pcfShader.glslfx
/usr/lib/usd/usd/glf/resources/shaders/simpleLighting.glslfx
/usr/lib/usd/usd/hdx/resources/textures/RKObjectMode3.tex
/usr/lib/usd/usd/hdx/resources/textures/RKObjectMode3.hdr
/usr/lib/usd/usd/hdx/resources/textures/StinsonBeach.hdr
/usr/lib/usd/usd/hdx/resources/textures/StinsonBeach.tex
/usr/lib/usd/usd/hdx/resources/shaders/renderPassShadowShader.glslfx
/usr/lib/usd/usd/hdx/resources/shaders/renderPassPickingShader.glslfx
/usr/lib/usd/usd/hdx/resources/shaders/renderPassColorWithOccludedSelectionShader.glslfx
/usr/lib/usd/usd/hdx/resources/shaders/skydome.glslfx
/usr/lib/usd/usd/hdx/resources/shaders/colorCorrection.glslfx
/usr/lib/usd/usd/hdx/resources/shaders/renderPassOitOpaqueShader.glslfx
/usr/lib/usd/usd/hdx/resources/shaders/renderPassColorShader.glslfx
/usr/lib/usd/usd/hdx/resources/shaders/colorChannel.glslfx
/usr/lib/usd/usd/hdx/resources/shaders/fullscreen.glslfx
/usr/lib/usd/usd/hdx/resources/shaders/renderPass.glslfx
/usr/lib/usd/usd/hdx/resources/shaders/renderPassOitShader.glslfx
/usr/lib/usd/usd/hdx/resources/shaders/selection.glslfx
/usr/lib/usd/usd/hdx/resources/shaders/renderPassColorAndSelectionShader.glslfx
/usr/lib/usd/usd/hdx/resources/shaders/visualize.glslfx
/usr/lib/usd/usd/hdx/resources/shaders/boundingBox.glslfx
/usr/lib/usd/usd/hdx/resources/shaders/oitResolveImageShader.glslfx
/usr/lib/usd/usd/hdx/resources/shaders/outline.glslfx
/usr/lib/usd/usd/hdx/resources/shaders/renderPassIdShader.glslfx
/usr/lib/usd/usd/hdx/resources/shaders/renderPassOitVolumeShader.glslfx
/usr/lib/usd/libraries/stdlib/genglsl/lib/mx_transform_uv_vflip.glsl
/usr/lib/usd/libraries/stdlib/genglsl/lib/mx_sampling.glsl
/usr/lib/usd/libraries/stdlib/genglsl/lib/mx_noise.glsl
/usr/lib/usd/libraries/stdlib/genglsl/lib/mx_transform_uv.glsl
/usr/lib/usd/libraries/stdlib/genglsl/lib/mx_math.glsl
/usr/lib/usd/libraries/stdlib/genglsl/lib/mx_hsv.glsl
/usr/lib/usd/libraries/stdlib/genosl/include/vector2.h
/usr/lib/usd/libraries/stdlib/genosl/include/matrix33.h
/usr/lib/usd/libraries/stdlib/genosl/include/color4.h
/usr/lib/usd/libraries/stdlib/genosl/include/vector4.h
/usr/lib/usd/libraries/stdlib/genosl/include/mx_funcs.h
/usr/lib/usd/libraries/stdlib/genosl/lib/mx_transform_uv_vflip.osl
/usr/lib/usd/libraries/stdlib/genosl/lib/mx_transform_uv.osl
/usr/lib/usd/libraries/stdlib/genosl/lib/mx_sampling.osl
/usr/lib/usd/libraries/stdlib/genmsl/lib/mx_sampling.metal
/usr/lib/usd/libraries/stdlib/genmsl/lib/mx_matscalaroperators.metal
/usr/lib/usd/libraries/stdlib/genmsl/lib/mx_math.metal
/usr/lib/usd/libraries/stdlib/genmsl/lib/mx_texture.metal
