---
source: crates/decant-transforms/tests/builtins.rs
expression: "String::from_utf8_lossy(&out)"
---
[refreshed 30 resources]

Plan: 0 to add, 2 to change, 0 to destroy.

Apply complete! Resources: 0 added, 2 changed, 0 destroyed.

Outputs:

api_gateway_url = "https://api.squadri.example"
database_config = {
    host = "10.0.0.5"
    port = 5432
}
service_account = "platform@squadri.iam.gserviceaccount.com"
